// Jest Snapshot v1, https://goo.gl/fbAQLP

exports[`<BucketlistForm/> can render correctly 1`] = `
<EditItem
  caller={
    Object {
      "bucketlist": "1",
      "callback": "",
      "item": Object {
        "id": "1",
        "name": "one",
      },
    }
  }
>
  <div
    className="modal"
    id="item_edit_model"
  >
    <form
      className="modal-content"
      method="POST"
      onSubmit={[Function]}
    >
      <h4
        className="header2"
      >
        Edit Item
      </h4>
      <FieldWrapper
        Label="Name"
      >
        <div
          className="input-field  "
        >
          <input
            className="validate"
            id="item_name"
            name="name"
            onChange={[Function]}
            placeholder="Name of bucketlist item"
            type="text"
            value="one"
          />
          <label>
            Name
          </label>
        </div>
      </FieldWrapper>
      <FieldWrapper
        extraz="right"
      >
        <div
          className="input-field right"
        >
          <button
            className="btn"
            type="submit"
          >
            Edit
          </button>
          <label />
        </div>
      </FieldWrapper>
    </form>
  </div>
</EditItem>
`;
