// Jest Snapshot v1, https://goo.gl/fbAQLP

exports[`<ItemForm/> can render correctly 1`] = `
<ItemForm
  caller={[Function]}
>
  <div
    className="modal"
    id="item_model"
  >
    <form
      className="modal-content"
      method="POST"
      onSubmit={[Function]}
    >
      <h4
        className="header2"
      >
        Add Item
      </h4>
      <FieldWrapper
        Label="Name"
      >
        <div
          className="input-field  "
        >
          <input
            className="validate"
            id="item_name"
            name="name"
            onChange={[Function]}
            placeholder="Name of bucketlist item"
            type="text"
          />
          <label>
            Name
          </label>
        </div>
      </FieldWrapper>
      <FieldWrapper
        extraz="right"
      >
        <div
          className="input-field right"
        >
          <button
            className="btn"
            type="submit"
          >
            Add
          </button>
          <label />
        </div>
      </FieldWrapper>
    </form>
  </div>
</ItemForm>
`;
